
Efinity Interface Designer Timing Report
Version: 2023.1.150
Date: 2024-01-01 17:31

Copyright (C) 2017 - 2023 Efinix Inc. All rights reserved.

Device: T120F324
Project: Dual_TX_Controller
Timing Model: C4 (final)

---------- 1. GPIO Timing Report (begin) ----------

Non-registered GPIO Configuration:
===================================

+---------------+----------+-----------+----------+----------+
| Instance Name | Pin Name | Parameter | Max (ns) | Min (ns) |
+---------------+----------+-----------+----------+----------+
|      clk      |   clk    |  GPIO_IN  |  1.476   |  0.738   |
|      rst      |   rst    |  GPIO_IN  |  1.396   |  0.698   |
|       rx      |    rx    |  GPIO_IN  |  1.396   |  0.698   |
|      tx1      |   tx1    |  GPIO_OUT |  3.829   |  1.915   |
|      tx2      |   tx2    |  GPIO_OUT |  4.149   |  2.075   |
+---------------+----------+-----------+----------+----------+

---------- GPIO Timing Report (end) ----------

---------- 2. LVDS Rx Timing Report (begin) ----------

Non-registered LVDS GPIO Configuration:
========================================

+---------------+-------------+-----------+----------+----------+
| Instance Name |   Pin Name  | Parameter | Max (ns) | Min (ns) |
+---------------+-------------+-----------+----------+----------+
|  led_command  | led_command |  GPIO_OUT |  3.542   |  1.771   |
|    led_data   |   led_data  |  GPIO_OUT |  3.542   |  1.771   |
+---------------+-------------+-----------+----------+----------+

---------- LVDS Rx Timing Report (end) ----------

---------- 3. JTAG Timing Report (begin) ----------

+---------------+----------------+-----------+----------+----------+
| Instance Name |    Pin Name    | Parameter | Max (ns) | Min (ns) |
+---------------+----------------+-----------+----------+----------+
|   jtag_inst1  | jtag_inst1_TDI |  JTAG_IN  |  2.415   |  1.208   |
|   jtag_inst1  | jtag_inst1_TMS |  JTAG_IN  |  1.755   |  0.877   |
+---------------+----------------+-----------+----------+----------+

---------- JTAG Timing Report (end) ----------
